============================= test session starts =============================
platform win32 -- Python 3.13.12, pytest-9.0.2, pluggy-1.6.0
rootdir: D:\Elite_Coders\AstraGuard-AI-Apertre-3.0
configfile: pyproject.toml
plugins: anyio-4.12.0, langsmith-0.5.1, locust-2.43.2, asyncio-0.24.0, cov-7.0.0, mock-3.15.1, timeout-2.1.0
asyncio: mode=Mode.AUTO, default_loop_scope=function
collected 40 items

