============================= test session starts =============================
platform win32 -- Python 3.13.12, pytest-9.0.2, pluggy-1.6.0
rootdir: D:\Elite_Coders\AstraGuard-AI-Apertre-3.0
configfile: pyproject.toml
plugins: anyio-4.12.0, langsmith-0.5.1, locust-2.43.2, asyncio-0.24.0, cov-7.0.0, mock-3.15.1, timeout-2.1.0
asyncio: mode=Mode.AUTO, default_loop_scope=function
collected 26 items

tests\test_core_component_health.py .............F....F.....F.           [100%]

================================== FAILURES ===================================
________ TestSystemHealthMonitor.test_system_status_aggregation_failed ________

self = <test_core_component_health.TestSystemHealthMonitor object at 0x00000249841E63F0>
monitor = <core.component_health.SystemHealthMonitor object at 0x00000249841CB050>

    def test_system_status_aggregation_failed(self, monitor):
        """Test system status when some components are failed"""
        monitor.register_component("comp1")
        monitor.register_component("comp2")
    
        monitor.mark_healthy("comp1")
        monitor.mark_failed("comp2")
    
>       assert monitor._system_status == HealthStatus.DEGRADED  # System is degraded if any component fails
        ^^^^^^^^^^^^^^^^^^^^^^^^^^^^^^^^^^^^^^^^^^^^^^^^^^^^^^
E       AssertionError: assert <HealthStatus.FAILED: 'failed'> == <HealthStatus.DEGRADED: 'degraded'>
E        +  where <HealthStatus.FAILED: 'failed'> = <core.component_health.SystemHealthMonitor object at 0x00000249841CB050>._system_status
E        +  and   <HealthStatus.DEGRADED: 'degraded'> = HealthStatus.DEGRADED

tests\test_core_component_health.py:217: AssertionError
------------------------------ Captured log call ------------------------------
ERROR    core.component_health:component_health.py:191 Component comp2 marked failed: None
_______________ TestSystemHealthMonitor.test_get_system_status ________________

self = <test_core_component_health.TestSystemHealthMonitor object at 0x00000249840B6C90>
monitor = <core.component_health.SystemHealthMonitor object at 0x00000249842F0120>

    def test_get_system_status(self, monitor):
        """Test get_system_status returns comprehensive info"""
        monitor.register_component("comp1")
        monitor.register_component("comp2")
        monitor.register_component("comp3")
    
        monitor.mark_healthy("comp1")
        monitor.mark_degraded("comp2")
        monitor.mark_failed("comp3")
    
        status = monitor.get_system_status()
    
>       assert status["overall_status"] == "degraded"
E       AssertionError: assert 'failed' == 'degraded'
E         
E         - degraded
E         + failed

tests\test_core_component_health.py:271: AssertionError
------------------------------ Captured log call ------------------------------
WARNING  core.component_health:component_health.py:165 Component comp2 marked degraded: None
ERROR    core.component_health:component_health.py:191 Component comp3 marked failed: None
_________ TestIntegrationScenarios.test_system_wide_failure_scenario __________

self = <test_core_component_health.TestIntegrationScenarios object at 0x0000024984268550>
monitor = <core.component_health.SystemHealthMonitor object at 0x00000249841F5A30>

    def test_system_wide_failure_scenario(self, monitor):
        """Test system behavior during widespread component failures"""
        components = ["anomaly_detector", "state_machine", "memory_engine", "api_server"]
    
        # Register all components
        for comp in components:
            monitor.register_component(comp)
    
        # All start healthy
        for comp in components:
            monitor.mark_healthy(comp)
        assert monitor.is_system_healthy()
    
        # Multiple components fail
        monitor.mark_failed("anomaly_detector", "Model corruption")
        monitor.mark_failed("memory_engine", "Out of memory")
        monitor.mark_degraded("api_server", "High error rate")
    
        # System should be degraded
>       assert monitor.is_system_degraded()
E       assert False
E        +  where False = is_system_degraded()
E        +    where is_system_degraded = <core.component_health.SystemHealthMonitor object at 0x00000249841F5A30>.is_system_degraded

tests\test_core_component_health.py:408: AssertionError
------------------------------ Captured log call ------------------------------
ERROR    core.component_health:component_health.py:191 Component anomaly_detector marked failed: Model corruption
ERROR    core.component_health:component_health.py:191 Component memory_engine marked failed: Out of memory
WARNING  core.component_health:component_health.py:165 Component api_server marked degraded: High error rate
=========================== short test summary info ===========================
FAILED tests/test_core_component_health.py::TestSystemHealthMonitor::test_system_status_aggregation_failed
FAILED tests/test_core_component_health.py::TestSystemHealthMonitor::test_get_system_status
FAILED tests/test_core_component_health.py::TestIntegrationScenarios::test_system_wide_failure_scenario
======================== 3 failed, 23 passed in 1.13s =========================
