============================= test session starts =============================
platform win32 -- Python 3.13.12, pytest-9.0.2, pluggy-1.6.0
rootdir: D:\Elite_Coders\AstraGuard-AI-Apertre-3.0
configfile: pyproject.toml
plugins: anyio-4.12.0, langsmith-0.5.1, locust-2.43.2, asyncio-0.24.0, cov-7.0.0, mock-3.15.1, timeout-2.1.0
asyncio: mode=Mode.AUTO, default_loop_scope=function
collected 2 items

tests\test_api.py .F                                                     [100%]

================================== FAILURES ===================================
____________________ TestHealthEndpoints.test_health_check ____________________

self = <test_api.TestHealthEndpoints object at 0x000002367EEAF250>
client = <starlette.testclient.TestClient object at 0x00000236A206F390>

    def test_health_check(self, client):
        """Test health check endpoint."""
        response = client.get("/health")
        assert response.status_code == 200
        data = response.json()
>       assert data["status"] == "healthy"
E       AssertionError: assert 'degraded' == 'healthy'
E         
E         - healthy
E         + degraded

tests\test_api.py:107: AssertionError
---------------------------- Captured stdout setup ----------------------------
\n======================================================================\n[WARNING] SECURITY WARNING: Metrics authentication not configured!\n======================================================================\nMETRICS_USER and METRICS_PASSWORD environment variables are not set.\nThe /metrics endpoint will return HTTP 500 until configured.\n\nTo fix this:\n  1. Set environment variables:\n     export METRICS_USER=your_username\n     export METRICS_PASSWORD=your_secure_password\n  2. Or add to .env file:\n     METRICS_USER=your_username\n     METRICS_PASSWORD=your_secure_password\n======================================================================\n\n{"timestamp": "2026-02-15T13:16:43.290979+00:00", "level": null, "name": "anomaly.anomaly_detector", "message": "Anomaly detection model loaded successfully", "taskName": "Task-9"}\n{"timestamp": "2026-02-15T13:16:43.291359+00:00", "level": null, "name": "backend.redis_client", "message": "Failed to connect to Redis: Redis URL must specify one of the following schemes (redis://, rediss://, unix://)", "taskName": "anyio.from_thread.BlockingPortal._call_func"}\n[OK] Rate limiting initialized successfully\n{"timestamp": "2026-02-15T13:16:43.291723+00:00", "level": null, "name": "astraguard.tracing", "message": "\\u26a0\\ufe0f  Unexpected error during Jaeger initialization: JaegerExporter.__init__() got an unexpected keyword argument 'transport_format'", "taskName": "anyio.from_thread.BlockingPortal._call_func"}\n{"timestamp": "2026-02-15T13:16:43.293707+00:00", "level": null, "name": "opentelemetry.instrumentation.instrumentor", "message": "Attempting to instrument while already instrumented", "taskName": "anyio.from_thread.BlockingPortal._call_func"}\n{"timestamp": "2026-02-15T13:16:43.293917+00:00", "level": null, "name": "opentelemetry.instrumentation.instrumentor", "message": "Attempting to instrument while already instrumented", "taskName": "anyio.from_thread.BlockingPortal._call_func"}\n{"timestamp": "2026-02-15T13:16:43.294015+00:00", "level": null, "name": "opentelemetry.instrumentation.fastapi", "message": "Attempting to instrument FastAPI app while already instrumented", "taskName": "anyio.from_thread.BlockingPortal._call_func"}\n\u2705 Metrics server started on port 9090\n   Access metrics: http://localhost:9090/metrics\nWarning: Observability initialization failed: not all arguments converted during string formatting
----------------------------- Captured log setup ------------------------------
INFO     anomaly.anomaly_detector:anomaly_detector.py:97 Anomaly detection model loaded successfully
ERROR    backend.redis_client:redis_client.py:71 Failed to connect to Redis: Redis URL must specify one of the following schemes (redis://, rediss://, unix://)
---------------------------- Captured stdout call -----------------------------
{"timestamp": "2026-02-15T13:16:43.299736+00:00", "level": null, "name": "httpx", "message": "HTTP Request: GET http://testserver/health \"HTTP/1.1 200 OK\"", "taskName": null}
------------------------------ Captured log call ------------------------------
INFO     httpx:_client.py:1025 HTTP Request: GET http://testserver/health "HTTP/1.1 200 OK"
============================== warnings summary ===============================
C:\Users\PURVANSH JOSHI\AppData\Local\Packages\PythonSoftwareFoundation.Python.3.13_qbz5n2kfra8p0\LocalCache\local-packages\Python313\site-packages\pydantic\_internal\_generate_schema.py:319
  C:\Users\PURVANSH JOSHI\AppData\Local\Packages\PythonSoftwareFoundation.Python.3.13_qbz5n2kfra8p0\LocalCache\local-packages\Python313\site-packages\pydantic\_internal\_generate_schema.py:319: PydanticDeprecatedSince20: `json_encoders` is deprecated. See https://docs.pydantic.dev/2.12/concepts/serialization/#custom-serializers for alternatives. Deprecated in Pydantic V2.0 to be removed in V3.0. See Pydantic V2 Migration Guide at https://errors.pydantic.dev/2.12/migration/
    warnings.warn(

tests/test_api.py::TestHealthEndpoints::test_root_endpoint
tests/test_api.py::TestHealthEndpoints::test_health_check
  C:\Users\PURVANSH JOSHI\AppData\Local\Packages\PythonSoftwareFoundation.Python.3.13_qbz5n2kfra8p0\LocalCache\local-packages\Python313\site-packages\pytest_asyncio\plugin.py:783: DeprecationWarning: The event_loop fixture provided by pytest-asyncio has been redefined in
  D:\Elite_Coders\AstraGuard-AI-Apertre-3.0\tests\conftest.py:24
  Replacing the event_loop fixture with a custom implementation is deprecated
  and will lead to errors in the future.
  If you want to request an asyncio event loop with a scope other than function
  scope, use the "scope" argument to the asyncio mark when marking the tests.
  If you want to return different types of event loops, use the event_loop_policy
  fixture.
  
    warnings.warn(

tests/test_api.py::TestHealthEndpoints::test_root_endpoint
tests/test_api.py::TestHealthEndpoints::test_health_check
  C:\Users\PURVANSH JOSHI\AppData\Local\Packages\PythonSoftwareFoundation.Python.3.13_qbz5n2kfra8p0\LocalCache\local-packages\Python313\site-packages\sklearn\base.py:442: InconsistentVersionWarning: Trying to unpickle estimator ExtraTreeRegressor from version 1.8.0 when using version 1.7.2. This might lead to breaking code or invalid results. Use at your own risk. For more info please refer to:
  https://scikit-learn.org/stable/model_persistence.html#security-maintainability-limitations
    warnings.warn(

tests/test_api.py::TestHealthEndpoints::test_root_endpoint
tests/test_api.py::TestHealthEndpoints::test_health_check
  C:\Users\PURVANSH JOSHI\AppData\Local\Packages\PythonSoftwareFoundation.Python.3.13_qbz5n2kfra8p0\LocalCache\local-packages\Python313\site-packages\sklearn\base.py:442: InconsistentVersionWarning: Trying to unpickle estimator IsolationForest from version 1.8.0 when using version 1.7.2. This might lead to breaking code or invalid results. Use at your own risk. For more info please refer to:
  https://scikit-learn.org/stable/model_persistence.html#security-maintainability-limitations
    warnings.warn(

tests/test_api.py::TestHealthEndpoints::test_root_endpoint
tests/test_api.py::TestHealthEndpoints::test_health_check
  D:\Elite_Coders\AstraGuard-AI-Apertre-3.0\src\astraguard\tracing.py:71: DeprecationWarning: Call to deprecated method __init__. (Since v1.35, the Jaeger supports OTLP natively. Please use the OTLP exporter instead. Support for this exporter will end July 2023.) -- Deprecated since version 1.16.0.
    jaeger_exporter = JaegerExporter(

-- Docs: https://docs.pytest.org/en/stable/how-to/capture-warnings.html
=========================== short test summary info ===========================
FAILED tests/test_api.py::TestHealthEndpoints::test_health_check - AssertionE...
=================== 1 failed, 1 passed, 9 warnings in 7.27s ===================
